Archive member included to satisfy reference by file (symbol)

/Applications/STM32CubeIDE.app/Contents/Eclipse/plugins/com.st.stm32cube.ide.mcu.externaltools.gnu-tools-for-stm32.14.3.rel1.macosaarch64_1.0.0.202602081740/tools/bin/../lib/gcc/arm-none-eabi/14.3.1/../../../../arm-none-eabi/lib/thumb/v7e-m+fp/hard/libc_nano.a(libc_a-exit.o)
                              /Applications/STM32CubeIDE.app/Contents/Eclipse/plugins/com.st.stm32cube.ide.mcu.externaltools.gnu-tools-for-stm32.14.3.rel1.macosaarch64_1.0.0.202602081740/tools/bin/../lib/gcc/arm-none-eabi/14.3.1/../../../../arm-none-eabi/lib/thumb/v7e-m+fp/hard/crt0.o (exit)
/Applications/STM32CubeIDE.app/Contents/Eclipse/plugins/com.st.stm32cube.ide.mcu.externaltools.gnu-tools-for-stm32.14.3.rel1.macosaarch64_1.0.0.202602081740/tools/bin/../lib/gcc/arm-none-eabi/14.3.1/../../../../arm-none-eabi/lib/thumb/v7e-m+fp/hard/libc_nano.a(libc_a-findfp.o)
                              /Applications/STM32CubeIDE.app/Contents/Eclipse/plugins/com.st.stm32cube.ide.mcu.externaltools.gnu-tools-for-stm32.14.3.rel1.macosaarch64_1.0.0.202602081740/tools/bin/../lib/gcc/arm-none-eabi/14.3.1/../../../../arm-none-eabi/lib/thumb/v7e-m+fp/hard/libc_nano.a(libc_a-exit.o) (__stdio_exit_handler)
/Applications/STM32CubeIDE.app/Contents/Eclipse/plugins/com.st.stm32cube.ide.mcu.externaltools.gnu-tools-for-stm32.14.3.rel1.macosaarch64_1.0.0.202602081740/tools/bin/../lib/gcc/arm-none-eabi/14.3.1/../../../../arm-none-eabi/lib/thumb/v7e-m+fp/hard/libc_nano.a(libc_a-fwalk.o)
                              /Applications/STM32CubeIDE.app/Contents/Eclipse/plugins/com.st.stm32cube.ide.mcu.externaltools.gnu-tools-for-stm32.14.3.rel1.macosaarch64_1.0.0.202602081740/tools/bin/../lib/gcc/arm-none-eabi/14.3.1/../../../../arm-none-eabi/lib/thumb/v7e-m+fp/hard/libc_nano.a(libc_a-findfp.o) (_fwalk_sglue)
/Applications/STM32CubeIDE.app/Contents/Eclipse/plugins/com.st.stm32cube.ide.mcu.externaltools.gnu-tools-for-stm32.14.3.rel1.macosaarch64_1.0.0.202602081740/tools/bin/../lib/gcc/arm-none-eabi/14.3.1/../../../../arm-none-eabi/lib/thumb/v7e-m+fp/hard/libc_nano.a(libc_a-memset.o)
                              /Applications/STM32CubeIDE.app/Contents/Eclipse/plugins/com.st.stm32cube.ide.mcu.externaltools.gnu-tools-for-stm32.14.3.rel1.macosaarch64_1.0.0.202602081740/tools/bin/../lib/gcc/arm-none-eabi/14.3.1/../../../../arm-none-eabi/lib/thumb/v7e-m+fp/hard/crt0.o (memset)
/Applications/STM32CubeIDE.app/Contents/Eclipse/plugins/com.st.stm32cube.ide.mcu.externaltools.gnu-tools-for-stm32.14.3.rel1.macosaarch64_1.0.0.202602081740/tools/bin/../lib/gcc/arm-none-eabi/14.3.1/../../../../arm-none-eabi/lib/thumb/v7e-m+fp/hard/libc_nano.a(libc_a-errno.o)
                              ./Core/Src/syscalls.o (__errno)
/Applications/STM32CubeIDE.app/Contents/Eclipse/plugins/com.st.stm32cube.ide.mcu.externaltools.gnu-tools-for-stm32.14.3.rel1.macosaarch64_1.0.0.202602081740/tools/bin/../lib/gcc/arm-none-eabi/14.3.1/../../../../arm-none-eabi/lib/thumb/v7e-m+fp/hard/libc_nano.a(libc_a-init.o)
                              /Applications/STM32CubeIDE.app/Contents/Eclipse/plugins/com.st.stm32cube.ide.mcu.externaltools.gnu-tools-for-stm32.14.3.rel1.macosaarch64_1.0.0.202602081740/tools/bin/../lib/gcc/arm-none-eabi/14.3.1/../../../../arm-none-eabi/lib/thumb/v7e-m+fp/hard/crt0.o (__libc_init_array)
/Applications/STM32CubeIDE.app/Contents/Eclipse/plugins/com.st.stm32cube.ide.mcu.externaltools.gnu-tools-for-stm32.14.3.rel1.macosaarch64_1.0.0.202602081740/tools/bin/../lib/gcc/arm-none-eabi/14.3.1/../../../../arm-none-eabi/lib/thumb/v7e-m+fp/hard/libc_nano.a(libc_a-lock.o)
                              /Applications/STM32CubeIDE.app/Contents/Eclipse/plugins/com.st.stm32cube.ide.mcu.externaltools.gnu-tools-for-stm32.14.3.rel1.macosaarch64_1.0.0.202602081740/tools/bin/../lib/gcc/arm-none-eabi/14.3.1/../../../../arm-none-eabi/lib/thumb/v7e-m+fp/hard/libc_nano.a(libc_a-findfp.o) (__retarget_lock_init_recursive)
/Applications/STM32CubeIDE.app/Contents/Eclipse/plugins/com.st.stm32cube.ide.mcu.externaltools.gnu-tools-for-stm32.14.3.rel1.macosaarch64_1.0.0.202602081740/tools/bin/../lib/gcc/arm-none-eabi/14.3.1/../../../../arm-none-eabi/lib/thumb/v7e-m+fp/hard/libc_nano.a(libc_a-impure.o)
                              /Applications/STM32CubeIDE.app/Contents/Eclipse/plugins/com.st.stm32cube.ide.mcu.externaltools.gnu-tools-for-stm32.14.3.rel1.macosaarch64_1.0.0.202602081740/tools/bin/../lib/gcc/arm-none-eabi/14.3.1/../../../../arm-none-eabi/lib/thumb/v7e-m+fp/hard/libc_nano.a(libc_a-errno.o) (_impure_ptr)
/Applications/STM32CubeIDE.app/Contents/Eclipse/plugins/com.st.stm32cube.ide.mcu.externaltools.gnu-tools-for-stm32.14.3.rel1.macosaarch64_1.0.0.202602081740/tools/bin/../lib/gcc/arm-none-eabi/14.3.1/../../../../arm-none-eabi/lib/thumb/v7e-m+fp/hard/libc_nano.a(libc_a-mallocr.o)
[...]
Memory Configuration

Name             Origin             Length             Attributes
RAM              0x20000000         0x00010000         xrw
FLASH            0x08000000         0x00040000         xr
*default*        0x00000000         0xffffffff

Linker script and memory map

LOAD /Applications/STM32CubeIDE.app/Contents/Eclipse/plugins/com.st.stm32cube.ide.mcu.externaltools.gnu-tools-for-stm32.14.3.rel1.macosaarch64_1.0.0.202602081740/tools/bin/../lib/gcc/arm-none-eabi/14.3.1/thumb/v7e-m+fp/hard/crti.o
LOAD /Applications/STM32CubeIDE.app/Contents/Eclipse/plugins/com.st.stm32cube.ide.mcu.externaltools.gnu-tools-for-stm32.14.3.rel1.macosaarch64_1.0.0.202602081740/tools/bin/../lib/gcc/arm-none-eabi/14.3.1/thumb/v7e-m+fp/hard/crtbegin.o
LOAD /Applications/STM32CubeIDE.app/Contents/Eclipse/plugins/com.st.stm32cube.ide.mcu.externaltools.gnu-tools-for-stm32.14.3.rel1.macosaarch64_1.0.0.202602081740/tools/bin/../lib/gcc/arm-none-eabi/14.3.1/../../../../arm-none-eabi/lib/thumb/v7e-m+fp/hard/crt0.o
LOAD ./Core/Src/main.o
LOAD ./Core/Src/st7789.o
LOAD ./Core/Src/stm32f4xx_hal_msp.o
LOAD ./Core/Src/stm32f4xx_it.o
LOAD ./Core/Src/syscalls.o
LOAD ./Core/Src/sysmem.o
LOAD ./Core/Src/system_stm32f4xx.o
LOAD ./Core/Startup/startup_stm32f401rctx.o
LOAD ./Drivers/STM32F4xx_HAL_Driver/Src/stm32f4xx_hal.o
LOAD ./Drivers/STM32F4xx_HAL_Driver/Src/stm32f4xx_hal_cortex.o
LOAD ./Drivers/STM32F4xx_HAL_Driver/Src/stm32f4xx_hal_dma.o
LOAD ./Drivers/STM32F4xx_HAL_Driver/Src/stm32f4xx_hal_dma_ex.o
LOAD ./Drivers/STM32F4xx_HAL_Driver/Src/stm32f4xx_hal_exti.o
LOAD ./Drivers/STM32F4xx_HAL_Driver/Src/stm32f4xx_hal_flash.o
LOAD ./Drivers/STM32F4xx_HAL_Driver/Src/stm32f4xx_hal_flash_ex.o
LOAD ./Drivers/STM32F4xx_HAL_Driver/Src/stm32f4xx_hal_flash_ramfunc.o
LOAD ./Drivers/STM32F4xx_HAL_Driver/Src/stm32f4xx_hal_gpio.o
LOAD ./Drivers/STM32F4xx_HAL_Driver/Src/stm32f4xx_hal_pwr.o
LOAD ./Drivers/STM32F4xx_HAL_Driver/Src/stm32f4xx_hal_pwr_ex.o
LOAD ./Drivers/STM32F4xx_HAL_Driver/Src/stm32f4xx_hal_rcc.o
LOAD ./Drivers/STM32F4xx_HAL_Driver/Src/stm32f4xx_hal_rcc_ex.o
LOAD ./Drivers/STM32F4xx_HAL_Driver/Src/stm32f4xx_hal_spi.o
START GROUP
LOAD /Applications/STM32CubeIDE.app/Contents/Eclipse/plugins/com.st.stm32cube.ide.mcu.externaltools.gnu-tools-for-stm32.14.3.rel1.macosaarch64_1.0.0.202602081740/tools/bin/../lib/gcc/arm-none-eabi/14.3.1/../../../../arm-none-eabi/lib/thumb/v7e-m+fp/hard/libc_nano.a
LOAD /Applications/STM32CubeIDE.app/Contents/Eclipse/plugins/com.st.stm32cube.ide.mcu.externaltools.gnu-tools-for-stm32.14.3.rel1.macosaarch64_1.0.0.202602081740/tools/bin/../lib/gcc/arm-none-eabi/14.3.1/../../../../arm-none-eabi/lib/thumb/v7e-m+fp/hard/libm.a
END GROUP
START GROUP
LOAD /Applications/STM32CubeIDE.app/Contents/Eclipse/plugins/com.st.stm32cube.ide.mcu.externaltools.gnu-tools-for-stm32.14.3.rel1.macosaarch64_1.0.0.202602081740/tools/bin/../lib/gcc/arm-none-eabi/14.3.1/thumb/v7e-m+fp/hard/libgcc.a
LOAD /Applications/STM32CubeIDE.app/Contents/Eclipse/plugins/com.st.stm32cube.ide.mcu.externaltools.gnu-tools-for-stm32.14.3.rel1.macosaarch64_1.0.0.202602081740/tools/bin/../lib/gcc/arm-none-eabi/14.3.1/../../../../arm-none-eabi/lib/thumb/v7e-m+fp/hard/libc_nano.a
END GROUP
START GROUP
LOAD /Applications/STM32CubeIDE.app/Contents/Eclipse/plugins/com.st.stm32cube.ide.mcu.externaltools.gnu-tools-for-stm32.14.3.rel1.macosaarch64_1.0.0.202602081740/tools/bin/../lib/gcc/arm-none-eabi/14.3.1/thumb/v7e-m+fp/hard/libgcc.a
LOAD /Applications/STM32CubeIDE.app/Contents/Eclipse/plugins/com.st.stm32cube.ide.mcu.externaltools.gnu-tools-for-stm32.14.3.rel1.macosaarch64_1.0.0.202602081740/tools/bin/../lib/gcc/arm-none-eabi/14.3.1/../../../../arm-none-eabi/lib/thumb/v7e-m+fp/hard/libc_nano.a
LOAD /Applications/STM32CubeIDE.app/Contents/Eclipse/plugins/com.st.stm32cube.ide.mcu.externaltools.gnu-tools-for-stm32.14.3.rel1.macosaarch64_1.0.0.202602081740/tools/bin/../lib/gcc/arm-none-eabi/14.3.1/../../../../arm-none-eabi/lib/thumb/v7e-m+fp/hard/libnosys.a
END GROUP
START GROUP
LOAD /Applications/STM32CubeIDE.app/Contents/Eclipse/plugins/com.st.stm32cube.ide.mcu.externaltools.gnu-tools-for-stm32.14.3.rel1.macosaarch64_1.0.0.202602081740/tools/bin/../lib/gcc/arm-none-eabi/14.3.1/thumb/v7e-m+fp/hard/libgcc.a
LOAD /Applications/STM32CubeIDE.app/Contents/Eclipse/plugins/com.st.stm32cube.ide.mcu.externaltools.gnu-tools-for-stm32.14.3.rel1.macosaarch64_1.0.0.202602081740/tools/bin/../lib/gcc/arm-none-eabi/14.3.1/../../../../arm-none-eabi/lib/thumb/v7e-m+fp/hard/libc_nano.a
LOAD /Applications/STM32CubeIDE.app/Contents/Eclipse/plugins/com.st.stm32cube.ide.mcu.externaltools.gnu-tools-for-stm32.14.3.rel1.macosaarch64_1.0.0.202602081740/tools/bin/../lib/gcc/arm-none-eabi/14.3.1/../../../../arm-none-eabi/lib/thumb/v7e-m+fp/hard/libnosys.a
END GROUP
LOAD /Applications/STM32CubeIDE.app/Contents/Eclipse/plugins/com.st.stm32cube.ide.mcu.externaltools.gnu-tools-for-stm32.14.3.rel1.macosaarch64_1.0.0.202602081740/tools/bin/../lib/gcc/arm-none-eabi/14.3.1/thumb/v7e-m+fp/hard/crtend.o
LOAD /Applications/STM32CubeIDE.app/Contents/Eclipse/plugins/com.st.stm32cube.ide.mcu.externaltools.gnu-tools-for-stm32.14.3.rel1.macosaarch64_1.0.0.202602081740/tools/bin/../lib/gcc/arm-none-eabi/14.3.1/thumb/v7e-m+fp/hard/crtn.o
                0x20010000                        _estack = (ORIGIN (RAM) + LENGTH (RAM))
                0x00000200                        _Min_Heap_Size = 0x200
                0x00000400                        _Min_Stack_Size = 0x400

.isr_vector     0x08000000      0x194
                0x08000000                        . = ALIGN (0x4)
 *(.isr_vector)
 .isr_vector    0x08000000      0x194 ./Core/Startup/startup_stm32f401rctx.o
                0x08000000                g_pfnVectors
                0x08000194                        . = ALIGN (0x4)

.text           0x08000194     0x484c
                0x08000194                        . = ALIGN (0x4)
 *(.text)
 .text          0x08000194       0x40 /Applications/STM32CubeIDE.app/Contents/Eclipse/plugins/com.st.stm32cube.ide.mcu.externaltools.gnu-tools-for-stm32.14.3.rel1.macosaarch64_1.0.0.202602081740/tools/bin/../lib/gcc/arm-none-eabi/14.3.1/thumb/v7e-m+fp/hard/crtbegin.o
 .text          0x080001d4       0x30 /Applications/STM32CubeIDE.app/Contents/Eclipse/plugins/com.st.stm32cube.ide.mcu.externaltools.gnu-tools-for-stm32.14.3.rel1.macosaarch64_1.0.0.202602081740/tools/bin/../lib/gcc/arm-none-eabi/14.3.1/thumb/v7e-m+fp/hard/libgcc.a(_aeabi_uldivmod.o)
                0x080001d4                __aeabi_uldivmod
 .text          0x08000204      0x2f8 /Applications/STM32CubeIDE.app/Contents/Eclipse/plugins/com.st.stm32cube.ide.mcu.externaltools.gnu-tools-for-stm32.14.3.rel1.macosaarch64_1.0.0.202602081740/tools/bin/../lib/gcc/arm-none-eabi/14.3.1/thumb/v7e-m+fp/hard/libgcc.a(_udivmoddi4.o)
                0x08000204                __udivmoddi4
 .text          0x080004fc        0x4 /Applications/STM32CubeIDE.app/Contents/Eclipse/plugins/com.st.stm32cube.ide.mcu.externaltools.gnu-tools-for-stm32.14.3.rel1.macosaarch64_1.0.0.202602081740/tools/bin/../lib/gcc/arm-none-eabi/14.3.1/thumb/v7e-m+fp/hard/libgcc.a(_dvmd_tls.o)
                0x080004fc                __aeabi_ldiv0
                0x080004fc                __aeabi_idiv0
 *(.text*)
 .text.main     0x08000500      0x1c4 ./Core/Src/main.o
                0x08000500                main
 .text.Screen_Off
                0x080006c4       0x20 ./Core/Src/main.o
 .text.Screen_On
                0x080006e4       0x30 ./Core/Src/main.o
 .text.NextMode
                0x08000714      0x164 ./Core/Src/main.o
 .text.Button_Process
                0x08000878      0x23c ./Core/Src/main.o
 .text.Draw7Seg
                0x08000ab4      0x22c ./Core/Src/main.o
 .text.DrawClockDigital
                0x08000ce0      0x1dc ./Core/Src/main.o
 .text.DrawClockAnalog
                0x08000ebc      0x6ac ./Core/Src/main.o
 .text.DrawClockRetro
                0x08001568      0x340 ./Core/Src/main.o
 .text.Flappy_DrawBird
                0x080018a8       0x6c ./Core/Src/main.o
 .text.Flappy_ClearBird
                0x08001914       0x40 ./Core/Src/main.o
 .text.Flappy_DrawPipeFull
                0x08001954       0xae ./Core/Src/main.o
 .text.Flappy_ScrollPipe
                0x08001a02      0x120 ./Core/Src/main.o
 .text.Flappy_ErasePipeOff
                0x08001b22       0x9e ./Core/Src/main.o
 .text.Flappy_Init
                0x08001bc0       0xf0 ./Core/Src/main.o
 .text.Flappy_Rand
                0x08001cb0       0x34 ./Core/Src/main.o
 .text.Flappy_DrawScore
                0x08001ce4       0xd4 ./Core/Src/main.o
 .text.Flappy_CheckCollision
                0x08001db8       0x92 ./Core/Src/main.o
 *fill*         0x08001e4a        0x2 
 .text.DrawFlappy
                0x08001e4c      0x314 ./Core/Src/main.o
 .text.DrawTimeSet
                0x08002160      0x230 ./Core/Src/main.o
 .text.DrawTimeSetBlink
                0x08002390      0x114 ./Core/Src/main.o
 .text.GetHours24
                0x080024a4       0x3c ./Core/Src/main.o
 .text.GetHours12
                0x080024e0       0x48 ./Core/Src/main.o
 .text.GetMinutes
                0x08002528       0x38 ./Core/Src/main.o
 .text.GetSeconds
                0x08002560       0x30 ./Core/Src/main.o
 .text.SystemClock_Config
                0x08002590       0xc0 ./Core/Src/main.o
                0x08002590                SystemClock_Config
 .text.MX_SPI1_Init
                0x08002650       0x6c ./Core/Src/main.o
 .text.MX_GPIO_Init
                0x080026bc       0x80 ./Core/Src/main.o
 .text.Error_Handler
                0x0800273c        0xc ./Core/Src/main.o
                0x0800273c                Error_Handler
 .text.SendCmd  0x08002748       0x34 ./Core/Src/st7789.o
 .text.SendData8
                0x0800277c       0x34 ./Core/Src/st7789.o
 .text.SendData16
                0x080027b0       0x44 ./Core/Src/st7789.o
 .text.SetWindow
                0x080027f4       0xb4 ./Core/Src/st7789.o
 .text.ST7789_Init
                0x080028a8      0x104 ./Core/Src/st7789.o
                0x080028a8                ST7789_Init
 .text.ST7789_DrawPixel
                0x080029ac       0x3c ./Core/Src/st7789.o
                0x080029ac                ST7789_DrawPixel
 .text.ST7789_FillRect
                0x080029e8      0x20c ./Core/Src/st7789.o
                0x080029e8                ST7789_FillRect
 .text.ST7789_FillScreen
                0x08002bf4       0x22 ./Core/Src/st7789.o
                0x08002bf4                ST7789_FillScreen
 .text.ST7789_DrawRect
                0x08002c16       0x7e ./Core/Src/st7789.o
                0x08002c16                ST7789_DrawRect
 .text.ST7789_DrawLine
                0x08002c94      0x212 ./Core/Src/st7789.o
                0x08002c94                ST7789_DrawLine
 .text.ST7789_DrawCircle
                0x08002ea6      0x1a8 ./Core/Src/st7789.o
                0x08002ea6                ST7789_DrawCircle
 .text.ST7789_FillCircle
                0x0800304e      0x196 ./Core/Src/st7789.o
                0x0800304e                ST7789_FillCircle
 .text.ST7789_DrawString
                0x080031e4      0x1d8 ./Core/Src/st7789.o
                0x080031e4                ST7789_DrawString
 .text.HAL_MspInit
                0x080033bc       0x50 ./Core/Src/stm32f4xx_hal_msp.o
                0x080033bc                HAL_MspInit
 .text.HAL_SPI_MspInit
                0x0800340c       0x90 ./Core/Src/stm32f4xx_hal_msp.o
                0x0800340c                HAL_SPI_MspInit
 .text.NMI_Handler
                0x0800349c        0x8 ./Core/Src/stm32f4xx_it.o
                0x0800349c                NMI_Handler
 .text.HardFault_Handler
                0x080034a4        0x8 ./Core/Src/stm32f4xx_it.o
                0x080034a4                HardFault_Handler
 .text.MemManage_Handler
                0x080034ac        0x8 ./Core/Src/stm32f4xx_it.o
                0x080034ac                MemManage_Handler
 .text.BusFault_Handler
                0x080034b4        0x8 ./Core/Src/stm32f4xx_it.o
                0x080034b4                BusFault_Handler
 .text.UsageFault_Handler
                0x080034bc        0x8 ./Core/Src/stm32f4xx_it.o
                0x080034bc                UsageFault_Handler
 .text.SVC_Handler
                0x080034c4        0xe ./Core/Src/stm32f4xx_it.o
                0x080034c4                SVC_Handler
 .text.DebugMon_Handler
                0x080034d2        0xe ./Core/Src/stm32f4xx_it.o
                0x080034d2                DebugMon_Handler
 .text.PendSV_Handler
                0x080034e0        0xe ./Core/Src/stm32f4xx_it.o
                0x080034e0                PendSV_Handler
 .text.SysTick_Handler
                0x080034ee        0xc ./Core/Src/stm32f4xx_it.o
                0x080034ee                SysTick_Handler
 *fill*         0x080034fa        0x2 
 .text.SystemInit
                0x080034fc       0x24 ./Core/Src/system_stm32f4xx.o
                0x080034fc                SystemInit
 .text.Reset_Handler
                0x08003520       0x50 ./Core/Startup/startup_stm32f401rctx.o
                0x08003520                Reset_Handler
 .text.Default_Handler
                0x08003570        0x2 ./Core/Startup/startup_stm32f401rctx.o
                0x08003570                DMA1_Stream3_IRQHandler
                0x08003570                EXTI2_IRQHandler
                0x08003570                SPI4_IRQHandler
                0x08003570                TIM1_CC_IRQHandler
                0x08003570                DMA2_Stream5_IRQHandler
                0x08003570                DMA1_Stream5_IRQHandler
                0x08003570                PVD_IRQHandler
                0x08003570                SDIO_IRQHandler
                0x08003570                TAMP_STAMP_IRQHandler
                0x08003570                EXTI3_IRQHandler
                0x08003570                TIM1_UP_TIM10_IRQHandler
                0x08003570                I2C3_ER_IRQHandler
                0x08003570                EXTI0_IRQHandler
                0x08003570                I2C2_EV_IRQHandler
                0x08003570                DMA1_Stream2_IRQHandler
                0x08003570                FPU_IRQHandler
                0x08003570                DMA2_Stream2_IRQHandler
                0x08003570                SPI1_IRQHandler
                0x08003570                TIM1_BRK_TIM9_IRQHandler
                0x08003570                DMA2_Stream3_IRQHandler
                0x08003570                USART6_IRQHandler
                0x08003570                DMA2_Stream0_IRQHandler
                0x08003570                TIM4_IRQHandler
                0x08003570                I2C1_EV_IRQHandler
                0x08003570                DMA1_Stream6_IRQHandler
                0x08003570                DMA1_Stream1_IRQHandler
                0x08003570                TIM3_IRQHandler
                0x08003570                RCC_IRQHandler
                0x08003570                Default_Handler
                0x08003570                EXTI15_10_IRQHandler
                0x08003570                ADC_IRQHandler
                0x08003570                DMA1_Stream7_IRQHandler
                0x08003570                TIM5_IRQHandler
                0x08003570                DMA2_Stream7_IRQHandler
                0x08003570                I2C3_EV_IRQHandler
                0x08003570                EXTI9_5_IRQHandler
                0x08003570                RTC_WKUP_IRQHandler
                0x08003570                SPI2_IRQHandler
                0x08003570                DMA1_Stream0_IRQHandler
                0x08003570                EXTI4_IRQHandler
                0x08003570                WWDG_IRQHandler
                0x08003570                TIM2_IRQHandler
                0x08003570                OTG_FS_WKUP_IRQHandler
                0x08003570                TIM1_TRG_COM_TIM11_IRQHandler
                0x08003570                EXTI1_IRQHandler
                0x08003570                USART2_IRQHandler
                0x08003570                I2C2_ER_IRQHandler
                0x08003570                DMA2_Stream1_IRQHandler
                0x08003570                FLASH_IRQHandler
                0x08003570                DMA2_Stream4_IRQHandler
                0x08003570                USART1_IRQHandler
                0x08003570                OTG_FS_IRQHandler
                0x08003570                SPI3_IRQHandler
                0x08003570                DMA1_Stream4_IRQHandler
                0x08003570                I2C1_ER_IRQHandler
                0x08003570                DMA2_Stream6_IRQHandler
                0x08003570                RTC_Alarm_IRQHandler
 *fill*         0x08003572        0x2 
 .text.HAL_Init
                0x08003574       0x44 ./Drivers/STM32F4xx_HAL_Driver/Src/stm32f4xx_hal.o
                0x08003574                HAL_Init
 .text.HAL_InitTick
                0x080035b8       0x60 ./Drivers/STM32F4xx_HAL_Driver/Src/stm32f4xx_hal.o
                0x080035b8                HAL_InitTick
 .text.HAL_IncTick
                0x08003618       0x28 ./Drivers/STM32F4xx_HAL_Driver/Src/stm32f4xx_hal.o
                0x08003618                HAL_IncTick
 .text.HAL_GetTick
                0x08003640       0x18 ./Drivers/STM32F4xx_HAL_Driver/Src/stm32f4xx_hal.o
                0x08003640                HAL_GetTick
 .text.HAL_Delay
                0x08003658       0x48 ./Drivers/STM32F4xx_HAL_Driver/Src/stm32f4xx_hal.o
                0x08003658                HAL_Delay
 .text.__NVIC_SetPriorityGrouping
                0x080036a0       0x48 ./Drivers/STM32F4xx_HAL_Driver/Src/stm32f4xx_hal_cortex.o
 .text.__NVIC_GetPriorityGrouping
                0x080036e8       0x1c ./Drivers/STM32F4xx_HAL_Driver/Src/stm32f4xx_hal_cortex.o
 .text.__NVIC_SetPriority
                0x08003704       0x54 ./Drivers/STM32F4xx_HAL_Driver/Src/stm32f4xx_hal_cortex.o
 .text.NVIC_EncodePriority
                0x08003758       0x66 ./Drivers/STM32F4xx_HAL_Driver/Src/stm32f4xx_hal_cortex.o
 *fill*         0x080037be        0x2 
 .text.SysTick_Config
                0x080037c0       0x44 ./Drivers/STM32F4xx_HAL_Driver/Src/stm32f4xx_hal_cortex.o
 .text.HAL_NVIC_SetPriorityGrouping
                0x08003804       0x16 ./Drivers/STM32F4xx_HAL_Driver/Src/stm32f4xx_hal_cortex.o
                0x08003804                HAL_NVIC_SetPriorityGrouping
 .text.HAL_NVIC_SetPriority
                0x0800381a       0x38 ./Drivers/STM32F4xx_HAL_Driver/Src/stm32f4xx_hal_cortex.o
                0x0800381a                HAL_NVIC_SetPriority
 .text.HAL_SYSTICK_Config
                0x08003852       0x18 ./Drivers/STM32F4xx_HAL_Driver/Src/stm32f4xx_hal_cortex.o
                0x08003852                HAL_SYSTICK_Config
 *fill*         0x0800386a        0x2 
 .text.HAL_GPIO_Init
                0x0800386c      0x308 ./Drivers/STM32F4xx_HAL_Driver/Src/stm32f4xx_hal_gpio.o
                0x0800386c                HAL_GPIO_Init
 .text.HAL_GPIO_ReadPin
                0x08003b74       0x30 ./Drivers/STM32F4xx_HAL_Driver/Src/stm32f4xx_hal_gpio.o
                0x08003b74                HAL_GPIO_ReadPin
 .text.HAL_GPIO_WritePin
                0x08003ba4       0x32 ./Drivers/STM32F4xx_HAL_Driver/Src/stm32f4xx_hal_gpio.o
                0x08003ba4                HAL_GPIO_WritePin
 *fill*         0x08003bd6        0x2 
 .text.HAL_RCC_OscConfig
                0x08003bd8      0x4f0 ./Drivers/STM32F4xx_HAL_Driver/Src/stm32f4xx_hal_rcc.o
                0x08003bd8                HAL_RCC_OscConfig
 .text.HAL_RCC_ClockConfig
                0x080040c8      0x1cc ./Drivers/STM32F4xx_HAL_Driver/Src/stm32f4xx_hal_rcc.o
                0x080040c8                HAL_RCC_ClockConfig
 .text.HAL_RCC_GetSysClockFreq
                0x08004294      0x188 ./Drivers/STM32F4xx_HAL_Driver/Src/stm32f4xx_hal_rcc.o
                0x08004294                HAL_RCC_GetSysClockFreq
 .text.HAL_SPI_Init
                0x0800441c      0x112 ./Drivers/STM32F4xx_HAL_Driver/Src/stm32f4xx_hal_spi.o
                0x0800441c                HAL_SPI_Init
 .text.HAL_SPI_Transmit
                0x0800452e      0x288 ./Drivers/STM32F4xx_HAL_Driver/Src/stm32f4xx_hal_spi.o
                0x0800452e                HAL_SPI_Transmit
 *fill*         0x080047b6        0x2 
 .text.SPI_WaitFlagStateUntilTimeout
                0x080047b8      0x110 ./Drivers/STM32F4xx_HAL_Driver/Src/stm32f4xx_hal_spi.o
 .text.SPI_EndRxTxTransaction
                0x080048c8       0xa8 ./Drivers/STM32F4xx_HAL_Driver/Src/stm32f4xx_hal_spi.o
 .text.memset   0x08004970       0x10 /Applications/STM32CubeIDE.app/Contents/Eclipse/plugins/com.st.stm32cube.ide.mcu.externaltools.gnu-tools-for-stm32.14.3.rel1.macosaarch64_1.0.0.202602081740/tools/bin/../lib/gcc/arm-none-eabi/14.3.1/../../../../arm-none-eabi/lib/thumb/v7e-m+fp/hard/libc_nano.a(libc_a-memset.o)
                0x08004970                memset
 .text.__libc_init_array
                0x08004980       0x48 /Applications/STM32CubeIDE.app/Contents/Eclipse/plugins/com.st.stm32cube.ide.mcu.externaltools.gnu-tools-for-stm32.14.3.rel1.macosaarch64_1.0.0.202602081740/tools/bin/../lib/gcc/arm-none-eabi/14.3.1/../../../../arm-none-eabi/lib/thumb/v7e-m+fp/hard/libc_nano.a(libc_a-init.o)
                0x08004980                __libc_init_array
 *(.glue_7)
 .glue_7        0x080049c8        0x0 linker stubs
 *(.glue_7t)
 .glue_7t       0x080049c8        0x0 linker stubs
 *(.eh_frame)
 .eh_frame      0x080049c8        0x0 /Applications/STM32CubeIDE.app/Contents/Eclipse/plugins/com.st.stm32cube.ide.mcu.externaltools.gnu-tools-for-stm32.14.3.rel1.macosaarch64_1.0.0.202602081740/tools/bin/../lib/gcc/arm-none-eabi/14.3.1/thumb/v7e-m+fp/hard/crtbegin.o
 *(.init)
 .init          0x080049c8        0x4 /Applications/STM32CubeIDE.app/Contents/Eclipse/plugins/com.st.stm32cube.ide.mcu.externaltools.gnu-tools-for-stm32.14.3.rel1.macosaarch64_1.0.0.202602081740/tools/bin/../lib/gcc/arm-none-eabi/14.3.1/thumb/v7e-m+fp/hard/crti.o
                0x080049c8                _init
 .init          0x080049cc        0x8 /Applications/STM32CubeIDE.app/Contents/Eclipse/plugins/com.st.stm32cube.ide.mcu.externaltools.gnu-tools-for-stm32.14.3.rel1.macosaarch64_1.0.0.202602081740/tools/bin/../lib/gcc/arm-none-eabi/14.3.1/thumb/v7e-m+fp/hard/crtn.o
 *(.fini)
 .fini          0x080049d4        0x4 /Applications/STM32CubeIDE.app/Contents/Eclipse/plugins/com.st.stm32cube.ide.mcu.externaltools.gnu-tools-for-stm32.14.3.rel1.macosaarch64_1.0.0.202602081740/tools/bin/../lib/gcc/arm-none-eabi/14.3.1/thumb/v7e-m+fp/hard/crti.o
                0x080049d4                _fini
 .fini          0x080049d8        0x8 /Applications/STM32CubeIDE.app/Contents/Eclipse/plugins/com.st.stm32cube.ide.mcu.externaltools.gnu-tools-for-stm32.14.3.rel1.macosaarch64_1.0.0.202602081740/tools/bin/../lib/gcc/arm-none-eabi/14.3.1/thumb/v7e-m+fp/hard/crtn.o
                0x080049e0                        . = ALIGN (0x4)
                0x080049e0                        _etext = .

.vfp11_veneer   0x080049e0        0x0
 .vfp11_veneer  0x080049e0        0x0 linker stubs

.v4_bx          0x080049e0        0x0
 .v4_bx         0x080049e0        0x0 linker stubs

.iplt           0x080049e0        0x0
 .iplt          0x080049e0        0x0 /Applications/STM32CubeIDE.app/Contents/Eclipse/plugins/com.st.stm32cube.ide.mcu.externaltools.gnu-tools-for-stm32.14.3.rel1.macosaarch64_1.0.0.202602081740/tools/bin/../lib/gcc/arm-none-eabi/14.3.1/thumb/v7e-m+fp/hard/crtbegin.o

.rodata         0x080049e0      0x2dc
                0x080049e0                        . = ALIGN (0x4)
 *(.rodata)
 .rodata        0x080049e0       0x6b ./Core/Src/main.o
 *(.rodata*)
 *fill*         0x08004a4b        0x1 
 .rodata.seg_table
                0x08004a4c        0xa ./Core/Src/main.o
 *fill*         0x08004a56        0x2 
 .rodata.sin_tab
                0x08004a58       0x78 ./Core/Src/main.o
 .rodata.Font5x7
                0x08004ad0      0x1db ./Core/Src/st7789.o
 *fill*         0x08004cab        0x1 
 .rodata.AHBPrescTable
                0x08004cac       0x10 ./Core/Src/system_stm32f4xx.o
                0x08004cac                AHBPrescTable
                0x08004cbc                        . = ALIGN (0x4)

.ARM.extab      0x08004cbc        0x0
                0x08004cbc                        . = ALIGN (0x4)
 *(.ARM.extab* .gnu.linkonce.armextab.*)
                0x08004cbc                        . = ALIGN (0x4)

.ARM            0x08004cbc        0x8
                0x08004cbc                        . = ALIGN (0x4)
                0x08004cbc                        __exidx_start = .
 *(.ARM.exidx*)
 .ARM.exidx     0x08004cbc        0x8 /Applications/STM32CubeIDE.app/Contents/Eclipse/plugins/com.st.stm32cube.ide.mcu.externaltools.gnu-tools-for-stm32.14.3.rel1.macosaarch64_1.0.0.202602081740/tools/bin/../lib/gcc/arm-none-eabi/14.3.1/thumb/v7e-m+fp/hard/libgcc.a(_udivmoddi4.o)
                0x08004cc4                        __exidx_end = .
                0x08004cc4                        . = ALIGN (0x4)

.preinit_array  0x08004cc4        0x0
                0x08004cc4                        . = ALIGN (0x4)
                0x08004cc4                        PROVIDE (__preinit_array_start = .)
 *(.preinit_array*)
                0x08004cc4                        PROVIDE (__preinit_array_end = .)
                0x08004cc4                        . = ALIGN (0x4)

.init_array     0x08004cc4        0x4
                0x08004cc4                        . = ALIGN (0x4)
                0x08004cc4                        PROVIDE (__init_array_start = .)
 *(SORT_BY_NAME(.init_array.*))
 *(.init_array*)
 .init_array    0x08004cc4        0x4 /Applications/STM32CubeIDE.app/Contents/Eclipse/plugins/com.st.stm32cube.ide.mcu.externaltools.gnu-tools-for-stm32.14.3.rel1.macosaarch64_1.0.0.202602081740/tools/bin/../lib/gcc/arm-none-eabi/14.3.1/thumb/v7e-m+fp/hard/crtbegin.o
                0x08004cc8                        PROVIDE (__init_array_end = .)
                0x08004cc8                        . = ALIGN (0x4)

.fini_array     0x08004cc8        0x4
                0x08004cc8                        . = ALIGN (0x4)
                [!provide]                        PROVIDE (__fini_array_start = .)
 *(SORT_BY_NAME(.fini_array.*))
 *(.fini_array*)
 .fini_array    0x08004cc8        0x4 /Applications/STM32CubeIDE.app/Contents/Eclipse/plugins/com.st.stm32cube.ide.mcu.externaltools.gnu-tools-for-stm32.14.3.rel1.macosaarch64_1.0.0.202602081740/tools/bin/../lib/gcc/arm-none-eabi/14.3.1/thumb/v7e-m+fp/hard/crtbegin.o
                [!provide]                        PROVIDE (__fini_array_end = .)
                0x08004ccc                        . = ALIGN (0x4)
                0x08004ccc                        _sidata = LOADADDR (.data)

.rel.dyn        0x08004ccc        0x0
 .rel.iplt      0x08004ccc        0x0 /Applications/STM32CubeIDE.app/Contents/Eclipse/plugins/com.st.stm32cube.ide.mcu.externaltools.gnu-tools-for-stm32.14.3.rel1.macosaarch64_1.0.0.202602081740/tools/bin/../lib/gcc/arm-none-eabi/14.3.1/thumb/v7e-m+fp/hard/crtbegin.o

.data           0x20000000       0x34 load address 0x08004ccc
                0x20000000                        . = ALIGN (0x4)
                0x20000000                        _sdata = .
 *(.data)
 *(.data*)
 .data.g_seconds
                0x20000000        0x4 ./Core/Src/main.o
 .data.screen_on
                0x20000004        0x1 ./Core/Src/main.o
 .data.prev_hh  0x20000005        0x1 ./Core/Src/main.o
 .data.prev_mm  0x20000006        0x1 ./Core/Src/main.o
 .data.prev_ss  0x20000007        0x1 ./Core/Src/main.o
 .data.prev_h_idx
                0x20000008        0x2 ./Core/Src/main.o
 .data.blink_state
                0x2000000a        0x1 ./Core/Src/main.o
 *fill*         0x2000000b        0x1 
 .data.flappy_rand
                0x2000000c        0x4 ./Core/Src/main.o
 .data.btn_mode
                0x20000010        0xc ./Core/Src/main.o
 .data.btn_action
                0x2000001c        0xc ./Core/Src/main.o
 .data.SystemCoreClock
                0x20000028        0x4 ./Core/Src/system_stm32f4xx.o
                0x20000028                SystemCoreClock
 .data.uwTickPrio
                0x2000002c        0x4 ./Drivers/STM32F4xx_HAL_Driver/Src/stm32f4xx_hal.o
                0x2000002c                uwTickPrio
 .data.uwTickFreq
                0x20000030        0x1 ./Drivers/STM32F4xx_HAL_Driver/Src/stm32f4xx_hal.o
                0x20000030                uwTickFreq
 *(.RamFunc)
 *(.RamFunc*)
                0x20000034                        . = ALIGN (0x4)
 *fill*         0x20000031        0x3 
                0x20000034                        _edata = .

.igot.plt       0x20000034        0x0 load address 0x08004d00
 .igot.plt      0x20000034        0x0 /Applications/STM32CubeIDE.app/Contents/Eclipse/plugins/com.st.stm32cube.ide.mcu.externaltools.gnu-tools-for-stm32.14.3.rel1.macosaarch64_1.0.0.202602081740/tools/bin/../lib/gcc/arm-none-eabi/14.3.1/thumb/v7e-m+fp/hard/crtbegin.o
                0x20000034                        . = ALIGN (0x4)

.bss            0x20000034      0x2a4 load address 0x08004d00
                0x20000034                        _sbss = .
                0x20000034                        __bss_start__ = _sbss
 *(.bss)
 .bss           0x20000034       0x1c /Applications/STM32CubeIDE.app/Contents/Eclipse/plugins/com.st.stm32cube.ide.mcu.externaltools.gnu-tools-for-stm32.14.3.rel1.macosaarch64_1.0.0.202602081740/tools/bin/../lib/gcc/arm-none-eabi/14.3.1/thumb/v7e-m+fp/hard/crtbegin.o
 *(.bss*)
 .bss.hspi1     0x20000050       0x58 ./Core/Src/main.o
                0x20000050                hspi1
 .bss.currentMode
                0x200000a8        0x1 ./Core/Src/main.o
 .bss.forceRedraw
                0x200000a9        0x1 ./Core/Src/main.o
 *fill*         0x200000aa        0x2 
 .bss.g_last_tick
                0x200000ac        0x4 ./Core/Src/main.o
 .bss.last_activity
                0x200000b0        0x4 ./Core/Src/main.o
 .bss.prev_hx   0x200000b4        0x2 ./Core/Src/main.o
 .bss.prev_hy   0x200000b6        0x2 ./Core/Src/main.o
 .bss.prev_mx   0x200000b8        0x2 ./Core/Src/main.o
 .bss.prev_my   0x200000ba        0x2 ./Core/Src/main.o
 .bss.prev_sx   0x200000bc        0x2 ./Core/Src/main.o
 .bss.prev_sy   0x200000be        0x2 ./Core/Src/main.o
 .bss.analog_ready
                0x200000c0        0x1 ./Core/Src/main.o
 .bss.retro_ready
                0x200000c1        0x1 ./Core/Src/main.o
 *fill*         0x200000c2        0x2 
 .bss.edit_seconds
                0x200000c4        0x4 ./Core/Src/main.o
 .bss.edit_field
                0x200000c8        0x1 ./Core/Src/main.o
 *fill*         0x200000c9        0x3 
 .bss.blink_t   0x200000cc        0x4 ./Core/Src/main.o
 .bss.timeset_ready
                0x200000d0        0x1 ./Core/Src/main.o
 *fill*         0x200000d1        0x3 
 .bss.fl        0x200000d4       0x1e ./Core/Src/main.o
 .bss.flappy_jump
                0x200000f2        0x1 ./Core/Src/main.o
 .bss.flappy_ready
                0x200000f3        0x1 ./Core/Src/main.o
 .bss.linebuf.0
                0x200000f4      0x1e0 ./Core/Src/st7789.o
 .bss.uwTick    0x200002d4        0x4 ./Drivers/STM32F4xx_HAL_Driver/Src/stm32f4xx_hal.o
                0x200002d4                uwTick
 *(COMMON)
                0x200002d8                        . = ALIGN (0x4)
                0x200002d8                        _ebss = .
                0x200002d8                        __bss_end__ = _ebss

._user_heap_stack
                0x200002d8      0x600 load address 0x08004d00
                0x200002d8                        . = ALIGN (0x8)
                [!provide]                        PROVIDE (end = .)
                0x200002d8                        PROVIDE (_end = .)
                0x200004d8                        . = (. + _Min_Heap_Size)
 *fill*         0x200002d8      0x200 
                0x200008d8                        . = (. + _Min_Stack_Size)
 *fill*         0x200004d8      0x400 
                0x200008d8                        . = ALIGN (0x8)

/DISCARD/
 libc.a(*)
 libm.a(*)
 libgcc.a(*)

.ARM.attributes
                0x00000000       0x30
 *(.ARM.attributes)
 .ARM.attributes
                0x00000000       0x22 /Applications/STM32CubeIDE.app/Contents/Eclipse/plugins/com.st.stm32cube.ide.mcu.externaltools.gnu-tools-for-stm32.14.3.rel1.macosaarch64_1.0.0.202602081740/tools/bin/../lib/gcc/arm-none-eabi/14.3.1/thumb/v7e-m+fp/hard/crti.o
 .ARM.attributes
                0x00000022       0x34 /Applications/STM32CubeIDE.app/Contents/Eclipse/plugins/com.st.stm32cube.ide.mcu.externaltools.gnu-tools-for-stm32.14.3.rel1.macosaarch64_1.0.0.202602081740/tools/bin/../lib/gcc/arm-none-eabi/14.3.1/thumb/v7e-m+fp/hard/crtbegin.o
 .ARM.attributes
                0x00000056       0x34 ./Core/Src/main.o
 .ARM.attributes
                0x0000008a       0x34 ./Core/Src/st7789.o
 .ARM.attributes
                0x000000be       0x34 ./Core/Src/stm32f4xx_hal_msp.o
 .ARM.attributes
                0x000000f2       0x34 ./Core/Src/stm32f4xx_it.o
 .ARM.attributes
                0x00000126       0x34 ./Core/Src/system_stm32f4xx.o
 .ARM.attributes
                0x0000015a       0x21 ./Core/Startup/startup_stm32f401rctx.o
 .ARM.attributes
                0x0000017b       0x34 ./Drivers/STM32F4xx_HAL_Driver/Src/stm32f4xx_hal.o
 .ARM.attributes
                0x000001af       0x34 ./Drivers/STM32F4xx_HAL_Driver/Src/stm32f4xx_hal_cortex.o
 .ARM.attributes
                0x000001e3       0x34 ./Drivers/STM32F4xx_HAL_Driver/Src/stm32f4xx_hal_gpio.o
 .ARM.attributes
                0x00000217       0x34 ./Drivers/STM32F4xx_HAL_Driver/Src/stm32f4xx_hal_rcc.o
 .ARM.attributes
                0x0000024b       0x34 ./Drivers/STM32F4xx_HAL_Driver/Src/stm32f4xx_hal_spi.o
 .ARM.attributes
                0x0000027f       0x34 /Applications/STM32CubeIDE.app/Contents/Eclipse/plugins/com.st.stm32cube.ide.mcu.externaltools.gnu-tools-for-stm32.14.3.rel1.macosaarch64_1.0.0.202602081740/tools/bin/../lib/gcc/arm-none-eabi/14.3.1/../../../../arm-none-eabi/lib/thumb/v7e-m+fp/hard/libc_nano.a(libc_a-memset.o)
 .ARM.attributes
                0x000002b3       0x34 /Applications/STM32CubeIDE.app/Contents/Eclipse/plugins/com.st.stm32cube.ide.mcu.externaltools.gnu-tools-for-stm32.14.3.rel1.macosaarch64_1.0.0.202602081740/tools/bin/../lib/gcc/arm-none-eabi/14.3.1/../../../../arm-none-eabi/lib/thumb/v7e-m+fp/hard/libc_nano.a(libc_a-init.o)
 .ARM.attributes
                0x000002e7       0x22 /Applications/STM32CubeIDE.app/Contents/Eclipse/plugins/com.st.stm32cube.ide.mcu.externaltools.gnu-tools-for-stm32.14.3.rel1.macosaarch64_1.0.0.202602081740/tools/bin/../lib/gcc/arm-none-eabi/14.3.1/thumb/v7e-m+fp/hard/libgcc.a(_aeabi_uldivmod.o)
 .ARM.attributes
                0x00000309       0x34 /Applications/STM32CubeIDE.app/Contents/Eclipse/plugins/com.st.stm32cube.ide.mcu.externaltools.gnu-tools-for-stm32.14.3.rel1.macosaarch64_1.0.0.202602081740/tools/bin/../lib/gcc/arm-none-eabi/14.3.1/thumb/v7e-m+fp/hard/libgcc.a(_udivmoddi4.o)
 .ARM.attributes
                0x0000033d       0x22 /Applications/STM32CubeIDE.app/Contents/Eclipse/plugins/com.st.stm32cube.ide.mcu.externaltools.gnu-tools-for-stm32.14.3.rel1.macosaarch64_1.0.0.202602081740/tools/bin/../lib/gcc/arm-none-eabi/14.3.1/thumb/v7e-m+fp/hard/libgcc.a(_dvmd_tls.o)
 .ARM.attributes
                0x0000035f       0x22 /Applications/STM32CubeIDE.app/Contents/Eclipse/plugins/com.st.stm32cube.ide.mcu.externaltools.gnu-tools-for-stm32.14.3.rel1.macosaarch64_1.0.0.202602081740/tools/bin/../lib/gcc/arm-none-eabi/14.3.1/thumb/v7e-m+fp/hard/crtn.o
OUTPUT(screen-programmer.elf elf32-littlearm)
LOAD linker stubs
LOAD /Applications/STM32CubeIDE.app/Contents/Eclipse/plugins/com.st.stm32cube.ide.mcu.externaltools.gnu-tools-for-stm32.14.3.rel1.macosaarch64_1.0.0.202602081740/tools/bin/../lib/gcc/arm-none-eabi/14.3.1/../../../../arm-none-eabi/lib/thumb/v7e-m+fp/hard/libc.a
LOAD /Applications/STM32CubeIDE.app/Contents/Eclipse/plugins/com.st.stm32cube.ide.mcu.externaltools.gnu-tools-for-stm32.14.3.rel1.macosaarch64_1.0.0.202602081740/tools/bin/../lib/gcc/arm-none-eabi/14.3.1/../../../../arm-none-eabi/lib/thumb/v7e-m+fp/hard/libm.a
LOAD /Applications/STM32CubeIDE.app/Contents/Eclipse/plugins/com.st.stm32cube.ide.mcu.externaltools.gnu-tools-for-stm32.14.3.rel1.macosaarch64_1.0.0.202602081740/tools/bin/../lib/gcc/arm-none-eabi/14.3.1/thumb/v7e-m+fp/hard/libgcc.a

.debug_info     0x00000000     0x73f6
 .debug_info    0x00000000     0x1b64 ./Core/Src/main.o
 .debug_info    0x00001b64      0xde7 ./Core/Src/st7789.o
 .debug_info    0x0000294b      0x94c ./Core/Src/stm32f4xx_hal_msp.o
 .debug_info    0x00003297      0x112 ./Core/Src/stm32f4xx_it.o
 .debug_info    0x000033a9      0x53e ./Core/Src/system_stm32f4xx.o
 .debug_info    0x000038e7       0x30 ./Core/Startup/startup_stm32f401rctx.o
 .debug_info    0x00003917      0x8bb ./Drivers/STM32F4xx_HAL_Driver/Src/stm32f4xx_hal.o
 .debug_info    0x000041d2      0xcf6 ./Drivers/STM32F4xx_HAL_Driver/Src/stm32f4xx_hal_cortex.o
 .debug_info    0x00004ec8      0x6f9 ./Drivers/STM32F4xx_HAL_Driver/Src/stm32f4xx_hal_gpio.o
 .debug_info    0x000055c1      0x905 ./Drivers/STM32F4xx_HAL_Driver/Src/stm32f4xx_hal_rcc.o
 .debug_info    0x00005ec6     0x1530 ./Drivers/STM32F4xx_HAL_Driver/Src/stm32f4xx_hal_spi.o

.debug_abbrev   0x00000000     0x1560
 .debug_abbrev  0x00000000      0x344 ./Core/Src/main.o
 .debug_abbrev  0x00000344      0x258 ./Core/Src/st7789.o
 .debug_abbrev  0x0000059c      0x1ac ./Core/Src/stm32f4xx_hal_msp.o
 .debug_abbrev  0x00000748       0x73 ./Core/Src/stm32f4xx_it.o
 .debug_abbrev  0x000007bb      0x11a ./Core/Src/system_stm32f4xx.o
 .debug_abbrev  0x000008d5       0x24 ./Core/Startup/startup_stm32f401rctx.o
 .debug_abbrev  0x000008f9      0x24b ./Drivers/STM32F4xx_HAL_Driver/Src/stm32f4xx_hal.o
 .debug_abbrev  0x00000b44      0x31d ./Drivers/STM32F4xx_HAL_Driver/Src/stm32f4xx_hal_cortex.o
 .debug_abbrev  0x00000e61      0x1d3 ./Drivers/STM32F4xx_HAL_Driver/Src/stm32f4xx_hal_gpio.o
 .debug_abbrev  0x00001034      0x2b6 ./Drivers/STM32F4xx_HAL_Driver/Src/stm32f4xx_hal_rcc.o
 .debug_abbrev  0x000012ea      0x276 ./Drivers/STM32F4xx_HAL_Driver/Src/stm32f4xx_hal_spi.o

.debug_aranges  0x00000000      0x738
 .debug_aranges
                0x00000000      0x100 ./Core/Src/main.o
 .debug_aranges
                0x00000100       0x88 ./Core/Src/st7789.o
 .debug_aranges
                0x00000188       0x30 ./Core/Src/stm32f4xx_hal_msp.o
 .debug_aranges
                0x000001b8       0x60 ./Core/Src/stm32f4xx_it.o
 .debug_aranges
                0x00000218       0x28 ./Core/Src/system_stm32f4xx.o
 .debug_aranges
                0x00000240       0x28 ./Core/Startup/startup_stm32f401rctx.o
 .debug_aranges
                0x00000268       0xf0 ./Drivers/STM32F4xx_HAL_Driver/Src/stm32f4xx_hal.o
 .debug_aranges
                0x00000358      0x130 ./Drivers/STM32F4xx_HAL_Driver/Src/stm32f4xx_hal_cortex.o
 .debug_aranges
                0x00000488       0x58 ./Drivers/STM32F4xx_HAL_Driver/Src/stm32f4xx_hal_gpio.o
 .debug_aranges
                0x000004e0       0x88 ./Drivers/STM32F4xx_HAL_Driver/Src/stm32f4xx_hal_rcc.o
 .debug_aranges
                0x00000568      0x1d0 ./Drivers/STM32F4xx_HAL_Driver/Src/stm32f4xx_hal_spi.o

.debug_rnglists
                0x00000000      0x56e
 .debug_rnglists
                0x00000000       0xcd ./Core/Src/main.o
 .debug_rnglists
                0x000000cd       0x68 ./Core/Src/st7789.o
 .debug_rnglists
                0x00000135       0x20 ./Core/Src/stm32f4xx_hal_msp.o
 .debug_rnglists
                0x00000155       0x43 ./Core/Src/stm32f4xx_it.o
 .debug_rnglists
                0x00000198       0x1a ./Core/Src/system_stm32f4xx.o
 .debug_rnglists
                0x000001b2       0x19 ./Core/Startup/startup_stm32f401rctx.o
 .debug_rnglists
                0x000001cb       0xaf ./Drivers/STM32F4xx_HAL_Driver/Src/stm32f4xx_hal.o
 .debug_rnglists
                0x0000027a       0xe0 ./Drivers/STM32F4xx_HAL_Driver/Src/stm32f4xx_hal_cortex.o
 .debug_rnglists
                0x0000035a       0x3f ./Drivers/STM32F4xx_HAL_Driver/Src/stm32f4xx_hal_gpio.o
 .debug_rnglists
                0x00000399       0x66 ./Drivers/STM32F4xx_HAL_Driver/Src/stm32f4xx_hal_rcc.o
 .debug_rnglists
                0x000003ff      0x16f ./Drivers/STM32F4xx_HAL_Driver/Src/stm32f4xx_hal_spi.o

.debug_macro    0x00000000    0x153f1
 .debug_macro   0x00000000      0x32d ./Core/Src/main.o
 .debug_macro   0x0000032d      0xad8 ./Core/Src/main.o
 .debug_macro   0x00000e05      0x295 ./Core/Src/main.o
 .debug_macro   0x0000109a       0x2e ./Core/Src/main.o
 .debug_macro   0x000010c8       0x28 ./Core/Src/main.o
 .debug_macro   0x000010f0       0x22 ./Core/Src/main.o
 .debug_macro   0x00001112       0x8e ./Core/Src/main.o
 .debug_macro   0x000011a0       0x51 ./Core/Src/main.o
 .debug_macro   0x000011f1      0x103 ./Core/Src/main.o
 .debug_macro   0x000012f4       0x6a ./Core/Src/main.o
 .debug_macro   0x0000135e      0x1df ./Core/Src/main.o
 .debug_macro   0x0000153d       0x1c ./Core/Src/main.o
 .debug_macro   0x00001559       0x22 ./Core/Src/main.o
 .debug_macro   0x0000157b       0xfb ./Core/Src/main.o
 .debug_macro   0x00001676     0x1011 ./Core/Src/main.o
 .debug_macro   0x00002687      0x11f ./Core/Src/main.o
 .debug_macro   0x000027a6     0xb881 ./Core/Src/main.o
 .debug_macro   0x0000e027       0x6d ./Core/Src/main.o
 .debug_macro   0x0000e094     0x3693 ./Core/Src/main.o
 .debug_macro   0x00011727      0x190 ./Core/Src/main.o
 .debug_macro   0x000118b7       0x5c ./Core/Src/main.o
 .debug_macro   0x00011913      0x416 ./Core/Src/main.o
 .debug_macro   0x00011d29      0x9e9 ./Core/Src/main.o
 .debug_macro   0x00012712      0x115 ./Core/Src/main.o
 .debug_macro   0x00012827       0xf8 ./Core/Src/main.o
 .debug_macro   0x0001291f       0xa5 ./Core/Src/main.o
 .debug_macro   0x000129c4      0x15f ./Core/Src/main.o
 .debug_macro   0x00012b23      0x287 ./Core/Src/main.o
 .debug_macro   0x00012daa       0x5f ./Core/Src/main.o
 .debug_macro   0x00012e09      0x236 ./Core/Src/main.o
 .debug_macro   0x0001303f      0x132 ./Core/Src/main.o
 .debug_macro   0x00013171      0x23a ./Core/Src/main.o
 .debug_macro   0x000133ab       0x2e ./Core/Src/main.o
 .debug_macro   0x000133d9      0x127 ./Core/Src/main.o
 .debug_macro   0x00013500       0x85 ./Core/Src/main.o
 .debug_macro   0x00013585       0x89 ./Core/Src/main.o
 .debug_macro   0x0001360e      0x225 ./Core/Src/main.o
 .debug_macro   0x00013833      0x126 ./Core/Src/main.o
 .debug_macro   0x00013959       0x40 ./Core/Src/main.o
 .debug_macro   0x00013999       0xa0 ./Core/Src/main.o
 .debug_macro   0x00013a39       0x61 ./Core/Src/main.o
 .debug_macro   0x00013a9a       0x2a ./Core/Src/main.o
 .debug_macro   0x00013ac4       0x43 ./Core/Src/main.o
 .debug_macro   0x00013b07       0x34 ./Core/Src/main.o
 .debug_macro   0x00013b3b      0x364 ./Core/Src/main.o
 .debug_macro   0x00013e9f       0x16 ./Core/Src/main.o
 .debug_macro   0x00013eb5       0x4a ./Core/Src/main.o
 .debug_macro   0x00013eff       0x34 ./Core/Src/main.o
 .debug_macro   0x00013f33       0x10 ./Core/Src/main.o
 .debug_macro   0x00013f43       0x58 ./Core/Src/main.o
 .debug_macro   0x00013f9b       0x8e ./Core/Src/main.o
 .debug_macro   0x00014029       0x1c ./Core/Src/main.o
 .debug_macro   0x00014045      0x17e ./Core/Src/main.o
 .debug_macro   0x000141c3       0x10 ./Core/Src/main.o
 .debug_macro   0x000141d3       0x3c ./Core/Src/main.o
 .debug_macro   0x0001420f       0x20 ./Core/Src/main.o
 .debug_macro   0x0001422f      0x297 ./Core/Src/st7789.o
 .debug_macro   0x000144c6       0x9a ./Core/Src/st7789.o
 .debug_macro   0x00014560      0x1c9 ./Core/Src/stm32f4xx_hal_msp.o
 .debug_macro   0x00014729      0x1d3 ./Core/Src/stm32f4xx_it.o
 .debug_macro   0x000148fc      0x1ba ./Core/Src/system_stm32f4xx.o
 .debug_macro   0x00014ab6      0x21a ./Drivers/STM32F4xx_HAL_Driver/Src/stm32f4xx_hal.o
 .debug_macro   0x00014cd0      0x1ba ./Drivers/STM32F4xx_HAL_Driver/Src/stm32f4xx_hal_cortex.o
 .debug_macro   0x00014e8a      0x1c0 ./Drivers/STM32F4xx_HAL_Driver/Src/stm32f4xx_hal_gpio.o
 .debug_macro   0x0001504a      0x1de ./Drivers/STM32F4xx_HAL_Driver/Src/stm32f4xx_hal_rcc.o
 .debug_macro   0x00015228      0x1c9 ./Drivers/STM32F4xx_HAL_Driver/Src/stm32f4xx_hal_spi.o

.debug_line     0x00000000     0x8557
 .debug_line    0x00000000     0x1654 ./Core/Src/main.o
 .debug_line    0x00001654      0xde1 ./Core/Src/st7789.o
 .debug_line    0x00002435      0x70a ./Core/Src/stm32f4xx_hal_msp.o
 .debug_line    0x00002b3f      0x76c ./Core/Src/stm32f4xx_it.o
 .debug_line    0x000032ab      0x733 ./Core/Src/system_stm32f4xx.o
 .debug_line    0x000039de       0x7a ./Core/Startup/startup_stm32f401rctx.o
 .debug_line    0x00003a58      0x9b2 ./Drivers/STM32F4xx_HAL_Driver/Src/stm32f4xx_hal.o
 .debug_line    0x0000440a      0xc7f ./Drivers/STM32F4xx_HAL_Driver/Src/stm32f4xx_hal_cortex.o
 .debug_line    0x00005089      0xac8 ./Drivers/STM32F4xx_HAL_Driver/Src/stm32f4xx_hal_gpio.o
 .debug_line    0x00005b51      0xdbc ./Drivers/STM32F4xx_HAL_Driver/Src/stm32f4xx_hal_rcc.o
 .debug_line    0x0000690d     0x1c4a ./Drivers/STM32F4xx_HAL_Driver/Src/stm32f4xx_hal_spi.o

.debug_str      0x00000000    0x84358
 .debug_str     0x00000000    0x84358 ./Core/Src/main.o
                              0x82d55 (size before relaxing)
 .debug_str     0x00084358    0x824a1 ./Core/Src/st7789.o
 .debug_str     0x00084358    0x7f11b ./Core/Src/stm32f4xx_hal_msp.o
 .debug_str     0x00084358    0x7eb94 ./Core/Src/stm32f4xx_it.o
 .debug_str     0x00084358    0x7ebf7 ./Core/Src/system_stm32f4xx.o
 .debug_str     0x00084358       0x81 ./Core/Startup/startup_stm32f401rctx.o
 .debug_str     0x00084358    0x7f619 ./Drivers/STM32F4xx_HAL_Driver/Src/stm32f4xx_hal.o
 .debug_str     0x00084358    0x7f383 ./Drivers/STM32F4xx_HAL_Driver/Src/stm32f4xx_hal_cortex.o
 .debug_str     0x00084358    0x7ed72 ./Drivers/STM32F4xx_HAL_Driver/Src/stm32f4xx_hal_gpio.o
 .debug_str     0x00084358    0x7f02b ./Drivers/STM32F4xx_HAL_Driver/Src/stm32f4xx_hal_rcc.o
 .debug_str     0x00084358    0x7f4a3 ./Drivers/STM32F4xx_HAL_Driver/Src/stm32f4xx_hal_spi.o

.comment        0x00000000       0x43
 .comment       0x00000000       0x43 ./Core/Src/main.o
                                 0x44 (size before relaxing)
 .comment       0x00000043       0x44 ./Core/Src/st7789.o
 .comment       0x00000043       0x44 ./Core/Src/stm32f4xx_hal_msp.o
 .comment       0x00000043       0x44 ./Core/Src/stm32f4xx_it.o
 .comment       0x00000043       0x44 ./Core/Src/system_stm32f4xx.o
 .comment       0x00000043       0x44 ./Drivers/STM32F4xx_HAL_Driver/Src/stm32f4xx_hal.o
 .comment       0x00000043       0x44 ./Drivers/STM32F4xx_HAL_Driver/Src/stm32f4xx_hal_cortex.o
 .comment       0x00000043       0x44 ./Drivers/STM32F4xx_HAL_Driver/Src/stm32f4xx_hal_gpio.o
 .comment       0x00000043       0x44 ./Drivers/STM32F4xx_HAL_Driver/Src/stm32f4xx_hal_rcc.o
 .comment       0x00000043       0x44 ./Drivers/STM32F4xx_HAL_Driver/Src/stm32f4xx_hal_spi.o

.debug_frame    0x00000000     0x1b84
 .debug_frame   0x00000000      0x434 ./Core/Src/main.o
 .debug_frame   0x00000434      0x224 ./Core/Src/st7789.o
 .debug_frame   0x00000658       0x7c ./Core/Src/stm32f4xx_hal_msp.o
 .debug_frame   0x000006d4       0xf8 ./Core/Src/stm32f4xx_it.o
 .debug_frame   0x000007cc       0x50 ./Core/Src/system_stm32f4xx.o
 .debug_frame   0x0000081c      0x31c ./Drivers/STM32F4xx_HAL_Driver/Src/stm32f4xx_hal.o
 .debug_frame   0x00000b38      0x4b8 ./Drivers/STM32F4xx_HAL_Driver/Src/stm32f4xx_hal_cortex.o
 .debug_frame   0x00000ff0      0x130 ./Drivers/STM32F4xx_HAL_Driver/Src/stm32f4xx_hal_gpio.o
 .debug_frame   0x00001120      0x1d8 ./Drivers/STM32F4xx_HAL_Driver/Src/stm32f4xx_hal_rcc.o
 .debug_frame   0x000012f8      0x7e0 ./Drivers/STM32F4xx_HAL_Driver/Src/stm32f4xx_hal_spi.o
 .debug_frame   0x00001ad8       0x20 /Applications/STM32CubeIDE.app/Contents/Eclipse/plugins/com.st.stm32cube.ide.mcu.externaltools.gnu-tools-for-stm32.14.3.rel1.macosaarch64_1.0.0.202602081740/tools/bin/../lib/gcc/arm-none-eabi/14.3.1/../../../../arm-none-eabi/lib/thumb/v7e-m+fp/hard/libc_nano.a(libc_a-memset.o)
 .debug_frame   0x00001af8       0x2c /Applications/STM32CubeIDE.app/Contents/Eclipse/plugins/com.st.stm32cube.ide.mcu.externaltools.gnu-tools-for-stm32.14.3.rel1.macosaarch64_1.0.0.202602081740/tools/bin/../lib/gcc/arm-none-eabi/14.3.1/../../../../arm-none-eabi/lib/thumb/v7e-m+fp/hard/libc_nano.a(libc_a-init.o)
 .debug_frame   0x00001b24       0x2c /Applications/STM32CubeIDE.app/Contents/Eclipse/plugins/com.st.stm32cube.ide.mcu.externaltools.gnu-tools-for-stm32.14.3.rel1.macosaarch64_1.0.0.202602081740/tools/bin/../lib/gcc/arm-none-eabi/14.3.1/thumb/v7e-m+fp/hard/libgcc.a(_aeabi_uldivmod.o)
 .debug_frame   0x00001b50       0x34 /Applications/STM32CubeIDE.app/Contents/Eclipse/plugins/com.st.stm32cube.ide.mcu.externaltools.gnu-tools-for-stm32.14.3.rel1.macosaarch64_1.0.0.202602081740/tools/bin/../lib/gcc/arm-none-eabi/14.3.1/thumb/v7e-m+fp/hard/libgcc.a(_udivmoddi4.o)

.debug_line_str
                0x00000000       0x65
 .debug_line_str
                0x00000000       0x65 ./Core/Startup/startup_stm32f401rctx.o
