../Core/Src/main.c:134:5:main	22
../Core/Src/main.c:214:13:Screen_Off	1
../Core/Src/main.c:220:13:Screen_On	1
../Core/Src/main.c:230:13:NextMode	4
../Core/Src/main.c:274:13:Button_Process	27
../Core/Src/main.c:348:13:Draw7Seg	8
../Core/Src/main.c:364:13:DrawClockDigital	9
../Core/Src/main.c:400:13:DrawClockAnalog	10
../Core/Src/main.c:477:13:DrawClockRetro	9
../Core/Src/main.c:535:13:Flappy_DrawBird	1
../Core/Src/main.c:544:13:Flappy_ClearBird	1
../Core/Src/main.c:551:13:Flappy_DrawPipeFull	7
../Core/Src/main.c:569:13:Flappy_ScrollPipe	12
../Core/Src/main.c:598:13:Flappy_ErasePipeOff	6
../Core/Src/main.c:615:13:Flappy_Init	2
../Core/Src/main.c:638:17:Flappy_Rand	1
../Core/Src/main.c:644:13:Flappy_DrawScore	4
../Core/Src/main.c:660:16:Flappy_CheckCollision	5
../Core/Src/main.c:675:13:DrawFlappy	19
../Core/Src/main.c:776:13:DrawTimeSet	7
../Core/Src/main.c:817:13:DrawTimeSetBlink	4
../Core/Src/main.c:836:16:GetHours24	1
../Core/Src/main.c:837:16:GetHours12	2
../Core/Src/main.c:842:16:GetMinutes	1
../Core/Src/main.c:843:16:GetSeconds	1
../Core/Src/main.c:848:6:SystemClock_Config	3
../Core/Src/main.c:874:13:MX_SPI1_Init	2
../Core/Src/main.c:892:13:MX_GPIO_Init	1
../Core/Src/main.c:912:6:Error_Handler	1
