../Core/Src/main.c:134:5:main	24	static
../Core/Src/main.c:214:13:Screen_Off	8	static
../Core/Src/main.c:220:13:Screen_On	8	static
../Core/Src/main.c:230:13:NextMode	16	static
../Core/Src/main.c:274:13:Button_Process	24	static
../Core/Src/main.c:348:13:Draw7Seg	40	static
../Core/Src/main.c:364:13:DrawClockDigital	72	static
../Core/Src/main.c:400:13:DrawClockAnalog	96	static
../Core/Src/main.c:477:13:DrawClockRetro	88	static
../Core/Src/main.c:535:13:Flappy_DrawBird	32	static
../Core/Src/main.c:544:13:Flappy_ClearBird	32	static
../Core/Src/main.c:551:13:Flappy_DrawPipeFull	40	static
../Core/Src/main.c:569:13:Flappy_ScrollPipe	48	static
../Core/Src/main.c:598:13:Flappy_ErasePipeOff	40	static
../Core/Src/main.c:615:13:Flappy_Init	24	static
../Core/Src/main.c:638:17:Flappy_Rand	4	static
../Core/Src/main.c:644:13:Flappy_DrawScore	48	static
../Core/Src/main.c:660:16:Flappy_CheckCollision	24	static
../Core/Src/main.c:675:13:DrawFlappy	32	static
../Core/Src/main.c:776:13:DrawTimeSet	40	static
../Core/Src/main.c:817:13:DrawTimeSetBlink	32	static
../Core/Src/main.c:836:16:GetHours24	16	static
../Core/Src/main.c:837:16:GetHours12	24	static
../Core/Src/main.c:842:16:GetMinutes	16	static
../Core/Src/main.c:843:16:GetSeconds	16	static
../Core/Src/main.c:848:6:SystemClock_Config	88	static
../Core/Src/main.c:874:13:MX_SPI1_Init	8	static
../Core/Src/main.c:892:13:MX_GPIO_Init	32	static
../Core/Src/main.c:912:6:Error_Handler	4	static,ignoring_inline_asm
